exec('build/SWIG_CGAL/Kernel/sciloader.sce', -1);
Warning :
The identifier : libCGAL_Kernel_Scilab_path
 has been truncated to: libCGAL_Kernel_Scilab_pa.

Warning :
The identifier : libCGAL_Kernel_Scilab_path
 has been truncated to: libCGAL_Kernel_Scilab_pa.

Shared archive loaded.
Link done.
l = new_Line_2(1, -1, 1);
p = cgal.Line_2.point(l, 1);
x = cgal.Point_2.x(p);
y = cgal.Point_2.y(p);
0 == x - y + 1
 ans  =
 
  T  
