exec('build/SWIG_CGAL/Kernel/sciloader.sce', -1);
Warning :
The identifier : libCGAL_Kernel_Scilab_path
 has been truncated to: libCGAL_Kernel_Scilab_pa.

Warning :
The identifier : libCGAL_Kernel_Scilab_path
 has been truncated to: libCGAL_Kernel_Scilab_pa.

Shared archive loaded.
Link done.
l1 = new_Line_2(0, -1, 1);
p = new_Point_2(3, 5);
l2 = cgal.Line_2.perpendicular(l1, p);
a = cgal.Line_2.a(l2);
b = cgal.Line_2.b(l2);
c = cgal.Line_2.c(l2);
b == 0
 ans  =
 
  T  
-c / a == 3
 ans  =
 
  T  
