exec('build/SWIG_CGAL/Kernel/sciloader.sce', -1);
Warning :
The identifier : libCGAL_Kernel_Scilab_path
 has been truncated to: libCGAL_Kernel_Scilab_pa.

Warning :
The identifier : libCGAL_Kernel_Scilab_path
 has been truncated to: libCGAL_Kernel_Scilab_pa.

Shared archive loaded.
Link done.
l1 = new_Line_2(1, -1, 1);
l2 = cgal.Line_2.opposite(l1);
[cgal.Line_2.a(l2), cgal.Line_2.b(l2), cgal.Line_2.c(l2)]
 ans  =
 
  - 1.    1.  - 1.  
