exec('build/SWIG_CGAL/Kernel/sciloader.sce', -1);
Warning :
The identifier : libCGAL_Kernel_Scilab_path
 has been truncated to: libCGAL_Kernel_Scilab_pa.

Warning :
The identifier : libCGAL_Kernel_Scilab_path
 has been truncated to: libCGAL_Kernel_Scilab_pa.

Shared archive loaded.
Link done.
p1 = new_Point_2(1,2);
 
p2 = new_Point_2(0,0);
 
p3 = new_Point_2(2,3);
 

 
l1 = new_Line_2(p2,p1);
 
l2 = new_Line_2(p2,p3);
 
l3 = cgal.Line_2.deepcopy(l1);
 

 
p4 = cgal.Line_2.b(l1)
 p4  =
 
    1.  
 
p4 = cgal.Line_2.b(l2)
 p4  =
 
    2.  
 
p4 = cgal.Line_2.b(l3)
 p4  =
 
    1.  
 
