exec('build/SWIG_CGAL/Kernel/sciloader.sce', -1);
Warning :
The identifier : libCGAL_Kernel_Scilab_path
 has been truncated to: libCGAL_Kernel_Scilab_pa.

Warning :
The identifier : libCGAL_Kernel_Scilab_path
 has been truncated to: libCGAL_Kernel_Scilab_pa.

Shared archive loaded.
Link done.
p1 = new_Point_2(1,2);
 
p2 = new_Point_2(0,0);
 
p3 = new_Point_2(2,3);

p4 = cgal.Point_2.minus(p3,p1)
 p4  =
 
 
cgal.Point_2.toString(p4)
 ans  =
 
 1 1   
 
