exec('build/SWIG_CGAL/Kernel/sciloader.sce', -1);
Warning :
The identifier : libCGAL_Kernel_Scilab_path
 has been truncated to: libCGAL_Kernel_Scilab_pa.

Warning :
The identifier : libCGAL_Kernel_Scilab_path
 has been truncated to: libCGAL_Kernel_Scilab_pa.

Shared archive loaded.
Link done.
p1 = new_Point_2(1,2);
p4 = cgal.Point_2.bbox(p1)
 p4  =
 
 
cgal.Bbox_2.xmax(p4)
 ans  =
 
    1.  
 
cgal.Bbox_2.xmin(p4)
 ans  =
 
    1.  
 
cgal.Bbox_2.ymin(p4)
 ans  =
 
    2.  
 
cgal.Bbox_2.ymax(p4)
 ans  =
 
    2.  
 
cgal.Bbox_2.toString(p4)
 ans  =
 
 1 2 1 2   
 
