exec('build/SWIG_CGAL/Kernel/sciloader.sce', -1);
Warning :
The identifier : libCGAL_Kernel_Scilab_path
 has been truncated to: libCGAL_Kernel_Scilab_pa.

Warning :
The identifier : libCGAL_Kernel_Scilab_path
 has been truncated to: libCGAL_Kernel_Scilab_pa.

Shared archive loaded.
Link done.
p1 = new_Point_2(1,2);
 
p2 = new_Point_2(0,0);
 

 
r1 = new_Ray_2(p1,p2);
 

 
p4 = cgal.Ray_2.to_vector(r1)
 p4  =
 
 
cgal.Vector_2.toString(p4)
 ans  =
 
 -1 -2   
 
