exec('build/SWIG_CGAL/Kernel/sciloader.sce', -1);
Warning :
The identifier : libCGAL_Kernel_Scilab_path
 has been truncated to: libCGAL_Kernel_Scilab_pa.

Warning :
The identifier : libCGAL_Kernel_Scilab_path
 has been truncated to: libCGAL_Kernel_Scilab_pa.

Shared archive loaded.
Link done.
p1 = new_Point_2(1,2);
 
p2 = new_Point_2(0,0);
 
p3 = new_Point_2(2,3);
 

 
s1 = new_Segment_2(p1,p2);
 
s2 = new_Segment_2(p1,p3);
 
s3 = cgal.Segment_2.deepcopy(s1);
 

 
p4 = cgal.Segment_2.bbox(s1)
 p4  =
 
 
cgal.Bbox_2.dimension(p4)
 ans  =
 
    2.  
 
p4 = cgal.Segment_2.bbox(s2)
 p4  =
 
 
cgal.Bbox_2.dimension(p4)
 ans  =
 
    2.  
 
p4 = cgal.Segment_2.bbox(s3)
 p4  =
 
 
cgal.Bbox_2.dimension(p4)
 ans  =
 
    2.  
 
